// Jest Snapshot v1, https://goo.gl/fbAQLP

exports[`snapshot testing 1`] = `
"
    <div id=\\"app\\"><h1>hello vue</h1></div>
  "
`;
